  ▲ Next.js 14.2.35
  - Local:        http://localhost:3001
  - Environments: .env.local

 ✓ Starting...
 ✓ Ready in 1250ms
 ○ Compiling /about-preview ...
 ✓ Compiled /about-preview in 2.2s (1895 modules)
 ⨯ Error: Invalid src prop (https://images.pexels.com/photos/2379004/pexels-photo-2379004.jpeg?auto=compress&w=800) on `next/image`, hostname "images.pexels.com" is not configured under images in your `next.config.js`
See more info: https://nextjs.org/docs/messages/next-image-unconfigured-host
    at Array.map (<anonymous>)
digest: "982544461"
 GET /about-preview 500 in 2360ms
 ✓ Compiled in 182ms (960 modules)
 ⚠ ./src/app/about-preview/page.tsx
Attempted import error: '@/components/about/Hero' does not contain a default export (imported as 'Hero').

Import trace for requested module:
./src/app/about-preview/page.tsx

./src/app/about-preview/page.tsx
Attempted import error: '@/components/about/MissionPath' does not contain a default export (imported as 'MissionPath').

Import trace for requested module:
./src/app/about-preview/page.tsx

./src/app/about-preview/page.tsx
Attempted import error: '@/components/about/HowWeWork' does not contain a default export (imported as 'HowWeWork').

Import trace for requested module:
./src/app/about-preview/page.tsx

./src/app/about-preview/page.tsx
Attempted import error: '@/components/about/Team' does not contain a default export (imported as 'Team').

Import trace for requested module:
./src/app/about-preview/page.tsx

./src/app/about-preview/page.tsx
Attempted import error: '@/components/about/Numbers' does not contain a default export (imported as 'Numbers').

Import trace for requested module:
./src/app/about-preview/page.tsx

./src/app/about-preview/page.tsx
Attempted import error: '@/components/about/Vision' does not contain a default export (imported as 'Vision').

Import trace for requested module:
./src/app/about-preview/page.tsx

./src/app/about-preview/page.tsx
Attempted import error: '@/components/about/Hero' does not contain a default export (imported as 'Hero').

Import trace for requested module:
./src/app/about-preview/page.tsx

./src/app/about-preview/page.tsx
Attempted import error: '@/components/about/MissionPath' does not contain a default export (imported as 'MissionPath').

Import trace for requested module:
./src/app/about-preview/page.tsx

./src/app/about-preview/page.tsx
Attempted import error: '@/components/about/HowWeWork' does not contain a default export (imported as 'HowWeWork').

Import trace for requested module:
./src/app/about-preview/page.tsx

./src/app/about-preview/page.tsx
Attempted import error: '@/components/about/Team' does not contain a default export (imported as 'Team').

Import trace for requested module:
./src/app/about-preview/page.tsx

./src/app/about-preview/page.tsx
Attempted import error: '@/components/about/Numbers' does not contain a default export (imported as 'Numbers').

Import trace for requested module:
./src/app/about-preview/page.tsx

./src/app/about-preview/page.tsx
Attempted import error: '@/components/about/Vision' does not contain a default export (imported as 'Vision').

Import trace for requested module:
./src/app/about-preview/page.tsx
 ✓ Compiled in 187ms (1754 modules)
 ⨯ Error: Invalid src prop (https://images.pexels.com/photos/2379004/pexels-photo-2379004.jpeg?auto=compress&w=800) on `next/image`, hostname "images.pexels.com" is not configured under images in your `next.config.js`
See more info: https://nextjs.org/docs/messages/next-image-unconfigured-host
    at Array.map (<anonymous>)
digest: "1036512498"
 GET /about-preview 200 in 104ms
 ✓ Compiled in 194ms (1754 modules)
 ✓ Compiled in 173ms (1754 modules)
 ✓ Compiled in 154ms (1754 modules)
 ✓ Compiled in 153ms (1754 modules)
 ✓ Compiled in 539ms (589 modules)
 ✓ Compiled in 129ms (589 modules)
 ⨯ Error: Invalid src prop (https://images.pexels.com/photos/2379004/pexels-photo-2379004.jpeg?auto=compress&w=800) on `next/image`, hostname "images.pexels.com" is not configured under images in your `next.config.js`
See more info: https://nextjs.org/docs/messages/next-image-unconfigured-host
    at Array.map (<anonymous>)
digest: "1036512498"
 GET /about-preview 200 in 103ms
 ⨯ Error: Invalid src prop (https://images.pexels.com/photos/2379004/pexels-photo-2379004.jpeg?auto=compress&w=800) on `next/image`, hostname "images.pexels.com" is not configured under images in your `next.config.js`
See more info: https://nextjs.org/docs/messages/next-image-unconfigured-host
    at Array.map (<anonymous>)
digest: "1036512498"
 GET /about-preview 200 in 73ms
 ⨯ Error: Invalid src prop (https://images.pexels.com/photos/2379004/pexels-photo-2379004.jpeg?auto=compress&w=800) on `next/image`, hostname "images.pexels.com" is not configured under images in your `next.config.js`
See more info: https://nextjs.org/docs/messages/next-image-unconfigured-host
    at Array.map (<anonymous>)
digest: "1036512498"
 GET /about-preview 200 in 43ms
 ✓ Compiled in 138ms (556 modules)
 ✓ Compiled in 130ms (556 modules)
 GET /about-preview 200 in 90ms
 GET /about-preview 200 in 46ms
<w> [webpack.cache.PackFileCacheStrategy] Caching failed for pack: Error: EPERM: operation not permitted, rename 'C:\Users\acmig\movil_guru\.next\cache\webpack\server-development\2.pack.gz_' -> 'C:\Users\acmig\movil_guru\.next\cache\webpack\server-development\2.pack.gz'
 ✓ Compiled in 111ms (286 modules)
 ✓ Compiled /_not-found in 92ms (545 modules)
 ⚠ Fast Refresh had to perform a full reload. Read more: https://nextjs.org/docs/messages/fast-refresh-reload
 GET /_next/static/webpack/12b2a24dbe9a004d.webpack.hot-update.json 404 in 163ms
 GET /about-preview 200 in 44ms
 ✓ Compiled in 96ms (288 modules)
 ✓ Compiled in 105ms (288 modules)
 ✓ Compiled in 145ms (559 modules)
 ✓ Compiled in 2.6s (1718 modules)
 ✓ Compiled in 156ms (1718 modules)
 ✓ Compiled in 190ms (1718 modules)
 ✓ Compiled in 152ms (1718 modules)
 ✓ Compiled in 223ms (1715 modules)
 ✓ Compiled in 581ms (1866 modules)
 GET /about-preview 200 in 107ms
 GET /about-preview 200 in 42ms
<w> [webpack.cache.PackFileCacheStrategy] Caching failed for pack: Error: ENOENT: no such file or directory, rename 'C:\Users\acmig\movil_guru\.next\cache\webpack\client-development\1.pack.gz_' -> 'C:\Users\acmig\movil_guru\.next\cache\webpack\client-development\1.pack.gz'
<w> [webpack.cache.PackFileCacheStrategy] Caching failed for pack: Error: ENOENT: no such file or directory, rename 'C:\Users\acmig\movil_guru\.next\cache\webpack\server-development\1.pack.gz_' -> 'C:\Users\acmig\movil_guru\.next\cache\webpack\server-development\1.pack.gz'
 GET /about-preview 200 in 18ms
 GET /about-preview 200 in 30ms
 ✓ Compiled in 286ms (1866 modules)
 GET /about-preview 200 in 127ms
 GET /about-preview 200 in 62ms
 ✓ Compiled in 309ms (1866 modules)
 GET /about-preview 200 in 48ms
<w> [webpack.cache.PackFileCacheStrategy] Caching failed for pack: Error: ENOENT: no such file or directory, rename 'C:\Users\acmig\movil_guru\.next\cache\webpack\client-development\0.pack.gz_' -> 'C:\Users\acmig\movil_guru\.next\cache\webpack\client-development\0.pack.gz'
 GET /about-preview 200 in 45ms
 ✓ Compiled in 307ms (1866 modules)
 ✓ Compiled in 200ms (1866 modules)
 ✓ Compiled in 197ms (1866 modules)
 GET /about-preview 200 in 162ms
 GET /about-preview 200 in 41ms
 ○ Compiling /about ...
 ✓ Compiled /about in 1385ms (2690 modules)
 ✓ Compiled in 388ms (2704 modules)
 ✓ Compiled in 239ms (2704 modules)
 GET /about-preview 200 in 148ms
 GET /about-preview 200 in 55ms
 ✓ Compiled in 335ms (2704 modules)
<w> [webpack.cache.PackFileCacheStrategy] Caching failed for pack: Error: ENOENT: no such file or directory, rename 'C:\Users\acmig\movil_guru\.next\cache\webpack\client-development\0.pack.gz_' -> 'C:\Users\acmig\movil_guru\.next\cache\webpack\client-development\0.pack.gz'
 ✓ Compiled in 332ms (2704 modules)
 ✓ Compiled in 280ms (2704 modules)
<w> [webpack.cache.PackFileCacheStrategy] Caching failed for pack: Error: ENOENT: no such file or directory, rename 'C:\Users\acmig\movil_guru\.next\cache\webpack\client-development\0.pack.gz_' -> 'C:\Users\acmig\movil_guru\.next\cache\webpack\client-development\0.pack.gz'
 GET /about-preview 200 in 129ms
